// Jest Snapshot v1, https://goo.gl/fbAQLP

exports[`useRouteList should return all routes 1`] = `
<DocumentFragment>
  <div>
    <p>
      {"auth":{"path":"auth","fullPath":"/auth","element":{"key":null,"ref":null,"props":{},"_owner":null,"_store":{}},"children":{"login":{"path":"login","fullPath":"/auth/login","element":{"type":"div","key":null,"ref":null,"props":{"children":"login"},"_owner":null,"_store":{}},"isIndex":true}}},"main":{"path":"/","fullPath":"/","element":{"key":null,"ref":null,"props":{},"_owner":null,"_store":{}},"children":{"home":{"path":"","fullPath":"/","element":{"type":"div","key":null,"ref":null,"props":{"children":"home"},"_owner":null,"_store":{}},"isIndex":true},"todo":{"path":"todo","fullPath":"/todo","element":{"type":"div","key":null,"ref":null,"props":{"children":"todo"},"_owner":null,"_store":{}}},"article":{"path":"article","fullPath":"/article","element":{"type":"div","key":null,"ref":null,"props":{"children":"article"},"_owner":null,"_store":{}}},"component":{"path":"component","fullPath":"/component","children":{"card":{"path":"card","fullPath":"/component/card","element":{"type":"div","key":null,"ref":null,"props":{"children":"card"},"_owner":null,"_store":{}}},"button":{"path":"button","fullPath":"/component/button","element":{"type":"div","key":null,"ref":null,"props":{"children":"button"},"_owner":null,"_store":{}}},"input":{"path":"input","fullPath":"/component/input","element":{"type":"div","key":null,"ref":null,"props":{"children":"input"},"_owner":null,"_store":{}}}}}}},"error":{"path":"","fullPath":"","element":{"key":null,"ref":null,"props":{},"_owner":null,"_store":{}},"children":{"e401":{"path":"401","fullPath":"/401","element":{"type":"div","key":null,"ref":null,"props":{"children":"error 401"},"_owner":null,"_store":{}}},"e403":{"path":"403","fullPath":"/403","element":{"type":"div","key":null,"ref":null,"props":{"children":"error 403"},"_owner":null,"_store":{}}},"e404":{"path":"404","fullPath":"/404","element":{"type":"div","key":null,"ref":null,"props":{"children":"error 404"},"_owner":null,"_store":{}}},"e500":{"path":"500","fullPath":"/500","element":{"type":"div","key":null,"ref":null,"props":{"children":"error 500"},"_owner":null,"_store":{}}},"e502":{"path":"502","fullPath":"/502","element":{"type":"div","key":null,"ref":null,"props":{"children":"error 502"},"_owner":null,"_store":{}}},"e503":{"path":"503","fullPath":"/503","element":{"type":"div","key":null,"ref":null,"props":{"children":"error 503"},"_owner":null,"_store":{}}},"e504":{"path":"504","fullPath":"/504","element":{"type":"div","key":null,"ref":null,"props":{"children":"error 504"},"_owner":null,"_store":{}}}}}}
    </p>
    <p>
      {"path":"auth","fullPath":"/auth","element":{"key":null,"ref":null,"props":{},"_owner":null,"_store":{}},"children":{"login":{"path":"login","fullPath":"/auth/login","element":{"type":"div","key":null,"ref":null,"props":{"children":"login"},"_owner":null,"_store":{}},"isIndex":true}}}
    </p>
    <p>
      {"path":"","fullPath":"","element":{"key":null,"ref":null,"props":{},"_owner":null,"_store":{}},"children":{"e401":{"path":"401","fullPath":"/401","element":{"type":"div","key":null,"ref":null,"props":{"children":"error 401"},"_owner":null,"_store":{}}},"e403":{"path":"403","fullPath":"/403","element":{"type":"div","key":null,"ref":null,"props":{"children":"error 403"},"_owner":null,"_store":{}}},"e404":{"path":"404","fullPath":"/404","element":{"type":"div","key":null,"ref":null,"props":{"children":"error 404"},"_owner":null,"_store":{}}},"e500":{"path":"500","fullPath":"/500","element":{"type":"div","key":null,"ref":null,"props":{"children":"error 500"},"_owner":null,"_store":{}}},"e502":{"path":"502","fullPath":"/502","element":{"type":"div","key":null,"ref":null,"props":{"children":"error 502"},"_owner":null,"_store":{}}},"e503":{"path":"503","fullPath":"/503","element":{"type":"div","key":null,"ref":null,"props":{"children":"error 503"},"_owner":null,"_store":{}}},"e504":{"path":"504","fullPath":"/504","element":{"type":"div","key":null,"ref":null,"props":{"children":"error 504"},"_owner":null,"_store":{}}}}}
    </p>
    <p>
      {"path":"/","fullPath":"/","element":{"key":null,"ref":null,"props":{},"_owner":null,"_store":{}},"children":{"home":{"path":"","fullPath":"/","element":{"type":"div","key":null,"ref":null,"props":{"children":"home"},"_owner":null,"_store":{}},"isIndex":true},"todo":{"path":"todo","fullPath":"/todo","element":{"type":"div","key":null,"ref":null,"props":{"children":"todo"},"_owner":null,"_store":{}}},"article":{"path":"article","fullPath":"/article","element":{"type":"div","key":null,"ref":null,"props":{"children":"article"},"_owner":null,"_store":{}}},"component":{"path":"component","fullPath":"/component","children":{"card":{"path":"card","fullPath":"/component/card","element":{"type":"div","key":null,"ref":null,"props":{"children":"card"},"_owner":null,"_store":{}}},"button":{"path":"button","fullPath":"/component/button","element":{"type":"div","key":null,"ref":null,"props":{"children":"button"},"_owner":null,"_store":{}}},"input":{"path":"input","fullPath":"/component/input","element":{"type":"div","key":null,"ref":null,"props":{"children":"input"},"_owner":null,"_store":{}}}}}}}
    </p>
  </div>
</DocumentFragment>
`;
