// Jest Snapshot v1, https://goo.gl/fbAQLP

exports[`useGetSidebarMenu should return all menu list 1`] = `
<DocumentFragment>
  <div />
</DocumentFragment>
`;
