// Jest Snapshot v1, https://goo.gl/fbAQLP

exports[`<ButtonUiBlock /> renders correctly 1`] = `
<DocumentFragment>
  .c0 {
  margin-bottom: 2rem;
}

<div
    class="c0"
  >
    <div>
      Title
    </div>
    <div>
      ComponentDisplay
    </div>
  </div>
</DocumentFragment>
`;
