// Jest Snapshot v1, https://goo.gl/fbAQLP

exports[`<ButtonUiApi /> renders correctly 1`] = `
<DocumentFragment>
  .c0 {
  margin-bottom: 2rem;
}

<div
    class="c0"
  >
    <div>
      Title
    </div>
    <table>
      <thead>
        <tr>
          <th>
            1
          </th>
          <th>
            2
          </th>
          <th>
            3
          </th>
        </tr>
      </thead>
      <tbody>
        <tr>
          <td>
            x
          </td>
          <td>
            y
          </td>
          <td>
            z
          </td>
        </tr>
      </tbody>
    </table>
  </div>
</DocumentFragment>
`;
