// Jest Snapshot v1, https://goo.gl/fbAQLP

exports[`<ButtonGroup /> renders correctly 1`] = `
<DocumentFragment>
  .c0 {
  display: -webkit-box;
  display: -webkit-flex;
  display: -ms-flexbox;
  display: flex;
}

.c0 > * {
  border-radius: 0px !important;
}

.c0 > *:first-child {
  border-top-left-radius: 0.375rem !important;
  border-bottom-left-radius: 0.375rem !important;
}

.c0 > *:last-child {
  border-top-right-radius: 0.375rem !important;
  border-bottom-right-radius: 0.375rem !important;
}

<div
    class="c0"
    color="amber-200"
    shape="rounded"
  >
    <button
      color="amber-200"
      data-size="md"
      data-testid="button"
      label="First"
      variant="primary"
    >
      Button
    </button>
    <button
      color="amber-200"
      data-size="md"
      data-testid="button"
      label="Second"
      variant="primary"
    >
      Button
    </button>
    <button
      color="amber-200"
      data-size="md"
      data-testid="button"
      label="Third"
      variant="primary"
    >
      Button
    </button>
  </div>
</DocumentFragment>
`;
