// Jest Snapshot v1, https://goo.gl/fbAQLP

exports[`<ErrorLayout /> match snapshot 1`] = `
<DocumentFragment>
  .c2 {
  display: -webkit-box;
  display: -webkit-flex;
  display: -ms-flexbox;
  display: flex;
  -webkit-flex-direction: column;
  -ms-flex-direction: column;
  flex-direction: column;
}

.c0 {
  display: -webkit-box;
  display: -webkit-flex;
  display: -ms-flexbox;
  display: flex;
  -webkit-flex-direction: row;
  -ms-flex-direction: row;
  flex-direction: row;
}

.c1 {
  height: 100vh;
  width: 100%;
  -webkit-align-items: center;
  -webkit-box-align: center;
  -ms-flex-align: center;
  align-items: center;
  -webkit-box-pack: center;
  -webkit-justify-content: center;
  -ms-flex-pack: center;
  justify-content: center;
  --tw-bg-opacity: 1;
  background-color: rgb(148 163 184 / var(--tw-bg-opacity));
}

.c3 {
  border-radius: 0.75rem;
  --tw-bg-opacity: 1;
  background-color: rgb(100 116 139 / var(--tw-bg-opacity));
  padding: 3rem;
}

<div
    class="c0 c1"
  >
    <div
      class="c2 c3"
    >
      <h1>
        ErrorLayout
      </h1>
    </div>
  </div>
</DocumentFragment>
`;
