// Jest Snapshot v1, https://goo.gl/fbAQLP

exports[`<RightMenuContent /> renders correctly 1`] = `
<DocumentFragment>
  <div
    data-testid="title"
  >
    Title
  </div>
  <ul
    class="grid gap-2"
  >
    <li>
      <a
        href="#"
      >
        1
      </a>
    </li>
    <li>
      <a
        href="#"
      >
        2
      </a>
    </li>
    <li>
      <a
        href="#"
      >
        3
      </a>
    </li>
  </ul>
</DocumentFragment>
`;
